127.0.0.1 - - [25/Jun/2017:16:47:55 +0300] "GET /fuse HTTP/1.1" 200 268 "-" "Apache-HttpClient/4.5.2 (Java/1.8.0_121)"
127.0.0.1 - - [25/Jun/2017:16:47:56 +0300] "GET /fuse/catalog/ontology/Dragons HTTP/1.1" 200 3282 "-" "Apache-HttpClient/4.5.2 (Java/1.8.0_121)"
127.0.0.1 - - [25/Jun/2017:16:47:56 +0300] "GET /fuse HTTP/1.1" 200 268 "-" "Apache-HttpClient/4.5.2 (Java/1.8.0_121)"
127.0.0.1 - - [25/Jun/2017:16:47:56 +0300] "POST /fuse/query HTTP/1.1" 201 220 "-" "Apache-HttpClient/4.5.2 (Java/1.8.0_121)"
127.0.0.1 - - [25/Jun/2017:16:48:22 +0300] "POST /fuse/query/1/cursor HTTP/1.1" 201 218 "-" "Apache-HttpClient/4.5.2 (Java/1.8.0_121)"
127.0.0.1 - - [25/Jun/2017:16:48:22 +0300] "POST /fuse/query/1/cursor/0/page HTTP/1.1" 201 285 "-" "Apache-HttpClient/4.5.2 (Java/1.8.0_121)"
127.0.0.1 - - [25/Jun/2017:16:48:23 +0300] "GET /fuse/query/1/cursor/0/page/0 HTTP/1.1" 200 286 "-" "Apache-HttpClient/4.5.2 (Java/1.8.0_121)"
127.0.0.1 - - [25/Jun/2017:16:48:23 +0300] "GET /fuse/query/1/cursor/0/page/0/data HTTP/1.1" 200 3985 "-" "Apache-HttpClient/4.5.2 (Java/1.8.0_121)"
0:0:0:0:0:0:0:1 - - [25/Jun/2017:16:48:33 +0300] "GET /fuse/query/1 HTTP/1.1" 200 255 "-" "Mozilla/5.0 (Windows NT 6.1; Win64; x64) AppleWebKit/537.36 (KHTML, like Gecko) Chrome/58.0.3029.110 Safari/537.36"
0:0:0:0:0:0:0:1 - - [25/Jun/2017:16:48:39 +0300] "GET /fuse/query/1/planVerbose HTTP/1.1" 200 3525 "-" "Mozilla/5.0 (Windows NT 6.1; Win64; x64) AppleWebKit/537.36 (KHTML, like Gecko) Chrome/58.0.3029.110 Safari/537.36"
0:0:0:0:0:0:0:1 - - [25/Jun/2017:16:49:16 +0300] "GET /fuse/query/1/planVerbose HTTP/1.1" 200 3525 "-" "Mozilla/5.0 (Windows NT 6.1; Win64; x64) AppleWebKit/537.36 (KHTML, like Gecko) Chrome/58.0.3029.110 Safari/537.36"
0:0:0:0:0:0:0:1 - - [25/Jun/2017:16:49:25 +0300] "GET /fuse/query/1/planVerbose HTTP/1.1" 200 3525 "-" "Mozilla/5.0 (Windows NT 6.1; Win64; x64) AppleWebKit/537.36 (KHTML, like Gecko) Chrome/58.0.3029.110 Safari/537.36"
0:0:0:0:0:0:0:1 - - [25/Jun/2017:16:49:43 +0300] "GET /fuse/query/1/planVerbose HTTP/1.1" 200 3525 "-" "Mozilla/5.0 (Windows NT 6.1; Win64; x64) AppleWebKit/537.36 (KHTML, like Gecko) Chrome/58.0.3029.110 Safari/537.36"
0:0:0:0:0:0:0:1 - - [25/Jun/2017:16:50:17 +0300] "GET /fuse/detailedPlan/Q1 HTTP/1.1" 200 775 "-" "Mozilla/5.0 (Windows NT 6.1; Win64; x64) AppleWebKit/537.36 (KHTML, like Gecko) Chrome/58.0.3029.110 Safari/537.36"
0:0:0:0:0:0:0:1 - - [25/Jun/2017:16:50:18 +0300] "GET /favicon.ico HTTP/1.1" 404 0 "http://localhost:8888/fuse/detailedPlan/Q1" "Mozilla/5.0 (Windows NT 6.1; Win64; x64) AppleWebKit/537.36 (KHTML, like Gecko) Chrome/58.0.3029.110 Safari/537.36"
0:0:0:0:0:0:0:1 - - [25/Jun/2017:16:50:25 +0300] "GET /fuse/detailedPlan/Q1 HTTP/1.1" 200 775 "-" "Mozilla/5.0 (Windows NT 6.1; Win64; x64) AppleWebKit/537.36 (KHTML, like Gecko) Chrome/58.0.3029.110 Safari/537.36"
0:0:0:0:0:0:0:1 - - [25/Jun/2017:16:50:51 +0300] "GET /fuse/query/1/planVerbose HTTP/1.1" 200 3525 "-" "Mozilla/5.0 (Windows NT 6.1; Win64; x64) AppleWebKit/537.36 (KHTML, like Gecko) Chrome/58.0.3029.110 Safari/537.36"
0:0:0:0:0:0:0:1 - - [25/Jun/2017:16:57:54 +0300] "GET /fuse/query/1/planVerbose HTTP/1.1" 200 3525 "http://localhost/fuse/index5.html" "Mozilla/5.0 (Windows NT 6.1; Win64; x64) AppleWebKit/537.36 (KHTML, like Gecko) Chrome/58.0.3029.110 Safari/537.36"
127.0.0.1 - - [25/Jun/2017:17:12:05 +0300] "GET /fuse HTTP/1.1" 200 268 "-" "Apache-HttpClient/4.5.2 (Java/1.8.0_121)"
127.0.0.1 - - [25/Jun/2017:17:12:06 +0300] "GET /fuse/catalog/ontology/Dragons HTTP/1.1" 200 3282 "-" "Apache-HttpClient/4.5.2 (Java/1.8.0_121)"
127.0.0.1 - - [25/Jun/2017:17:12:06 +0300] "GET /fuse HTTP/1.1" 200 268 "-" "Apache-HttpClient/4.5.2 (Java/1.8.0_121)"
127.0.0.1 - - [25/Jun/2017:17:12:06 +0300] "POST /fuse/query HTTP/1.1" 201 220 "-" "Apache-HttpClient/4.5.2 (Java/1.8.0_121)"
127.0.0.1 - - [25/Jun/2017:17:13:37 +0300] "POST /fuse/query/1/cursor HTTP/1.1" 201 218 "-" "Apache-HttpClient/4.5.2 (Java/1.8.0_121)"
127.0.0.1 - - [25/Jun/2017:17:13:38 +0300] "POST /fuse/query/1/cursor/0/page HTTP/1.1" 201 285 "-" "Apache-HttpClient/4.5.2 (Java/1.8.0_121)"
127.0.0.1 - - [25/Jun/2017:17:13:38 +0300] "GET /fuse/query/1/cursor/0/page/0 HTTP/1.1" 200 286 "-" "Apache-HttpClient/4.5.2 (Java/1.8.0_121)"
127.0.0.1 - - [25/Jun/2017:17:13:38 +0300] "GET /fuse/query/1/cursor/0/page/0/data HTTP/1.1" 200 3985 "-" "Apache-HttpClient/4.5.2 (Java/1.8.0_121)"
0:0:0:0:0:0:0:1 - - [25/Jun/2017:17:13:55 +0300] "GET /fuse/query/1/planVerbose HTTP/1.1" 200 3525 "http://localhost/fuse/index5.html" "Mozilla/5.0 (Windows NT 6.1; Win64; x64) AppleWebKit/537.36 (KHTML, like Gecko) Chrome/58.0.3029.110 Safari/537.36"
0:0:0:0:0:0:0:1 - - [25/Jun/2017:17:14:24 +0300] "GET /fuse/query/1/planVerbose HTTP/1.1" 200 3525 "http://localhost/fuse/index5.html" "Mozilla/5.0 (Windows NT 6.1; Win64; x64) AppleWebKit/537.36 (KHTML, like Gecko) Chrome/58.0.3029.110 Safari/537.36"
127.0.0.1 - - [25/Jun/2017:17:16:17 +0300] "GET /fuse HTTP/1.1" 200 268 "-" "Apache-HttpClient/4.5.2 (Java/1.8.0_121)"
127.0.0.1 - - [25/Jun/2017:17:16:17 +0300] "GET /fuse/catalog/ontology/Dragons HTTP/1.1" 200 3282 "-" "Apache-HttpClient/4.5.2 (Java/1.8.0_121)"
127.0.0.1 - - [25/Jun/2017:17:16:17 +0300] "GET /fuse HTTP/1.1" 200 268 "-" "Apache-HttpClient/4.5.2 (Java/1.8.0_121)"
0:0:0:0:0:0:0:1 - - [25/Jun/2017:17:16:39 +0300] "GET /fuse/query/1/planVerbose HTTP/1.1" 404 6 "-" "Mozilla/5.0 (Windows NT 6.1; Win64; x64) AppleWebKit/537.36 (KHTML, like Gecko) Chrome/58.0.3029.110 Safari/537.36"
0:0:0:0:0:0:0:1 - - [25/Jun/2017:17:16:39 +0300] "GET /favicon.ico HTTP/1.1" 404 0 "http://localhost:8888/fuse/query/1/planVerbose" "Mozilla/5.0 (Windows NT 6.1; Win64; x64) AppleWebKit/537.36 (KHTML, like Gecko) Chrome/58.0.3029.110 Safari/537.36"
0:0:0:0:0:0:0:1 - - [25/Jun/2017:17:16:42 +0300] "GET /fuse/query/1/planVerbose HTTP/1.1" 404 6 "-" "Mozilla/5.0 (Windows NT 6.1; Win64; x64) AppleWebKit/537.36 (KHTML, like Gecko) Chrome/58.0.3029.110 Safari/537.36"
0:0:0:0:0:0:0:1 - - [25/Jun/2017:17:16:42 +0300] "GET /favicon.ico HTTP/1.1" 404 0 "http://localhost:8888/fuse/query/1/planVerbose" "Mozilla/5.0 (Windows NT 6.1; Win64; x64) AppleWebKit/537.36 (KHTML, like Gecko) Chrome/58.0.3029.110 Safari/537.36"
0:0:0:0:0:0:0:1 - - [25/Jun/2017:17:16:44 +0300] "GET /fuse/query/1/planVerbose HTTP/1.1" 404 6 "-" "Mozilla/5.0 (Windows NT 6.1; Win64; x64) AppleWebKit/537.36 (KHTML, like Gecko) Chrome/58.0.3029.110 Safari/537.36"
0:0:0:0:0:0:0:1 - - [25/Jun/2017:17:16:44 +0300] "GET /favicon.ico HTTP/1.1" 404 0 "http://localhost:8888/fuse/query/1/planVerbose" "Mozilla/5.0 (Windows NT 6.1; Win64; x64) AppleWebKit/537.36 (KHTML, like Gecko) Chrome/58.0.3029.110 Safari/537.36"
0:0:0:0:0:0:0:1 - - [25/Jun/2017:17:16:50 +0300] "GET /fuse/query HTTP/1.1" 200 139 "-" "Mozilla/5.0 (Windows NT 6.1; Win64; x64) AppleWebKit/537.36 (KHTML, like Gecko) Chrome/58.0.3029.110 Safari/537.36"
127.0.0.1 - - [25/Jun/2017:17:16:18 +0300] "POST /fuse/query HTTP/1.1" 201 220 "-" "Apache-HttpClient/4.5.2 (Java/1.8.0_121)"
127.0.0.1 - - [25/Jun/2017:17:16:50 +0300] "POST /fuse/query/1/cursor HTTP/1.1" 201 218 "-" "Apache-HttpClient/4.5.2 (Java/1.8.0_121)"
127.0.0.1 - - [25/Jun/2017:17:16:51 +0300] "POST /fuse/query/1/cursor/0/page HTTP/1.1" 201 285 "-" "Apache-HttpClient/4.5.2 (Java/1.8.0_121)"
127.0.0.1 - - [25/Jun/2017:17:16:52 +0300] "GET /fuse/query/1/cursor/0/page/0 HTTP/1.1" 200 286 "-" "Apache-HttpClient/4.5.2 (Java/1.8.0_121)"
127.0.0.1 - - [25/Jun/2017:17:16:52 +0300] "GET /fuse/query/1/cursor/0/page/0/data HTTP/1.1" 200 3985 "-" "Apache-HttpClient/4.5.2 (Java/1.8.0_121)"
0:0:0:0:0:0:0:1 - - [25/Jun/2017:17:16:54 +0300] "GET /fuse/query/1/planVerbose HTTP/1.1" 200 3621 "-" "Mozilla/5.0 (Windows NT 6.1; Win64; x64) AppleWebKit/537.36 (KHTML, like Gecko) Chrome/58.0.3029.110 Safari/537.36"
0:0:0:0:0:0:0:1 - - [25/Jun/2017:17:17:19 +0300] "GET /fuse/query/1/planVerbose HTTP/1.1" 200 3621 "http://localhost/fuse/index5.html" "Mozilla/5.0 (Windows NT 6.1; Win64; x64) AppleWebKit/537.36 (KHTML, like Gecko) Chrome/58.0.3029.110 Safari/537.36"
0:0:0:0:0:0:0:1 - - [25/Jun/2017:17:17:43 +0300] "GET /fuse/query/1/planVerbose HTTP/1.1" 200 3621 "http://localhost/fuse/index5.html" "Mozilla/5.0 (Windows NT 6.1; Win64; x64) AppleWebKit/537.36 (KHTML, like Gecko) Chrome/58.0.3029.110 Safari/537.36"
127.0.0.1 - - [25/Jun/2017:17:18:48 +0300] "GET /fuse HTTP/1.1" 200 268 "-" "Apache-HttpClient/4.5.2 (Java/1.8.0_121)"
127.0.0.1 - - [25/Jun/2017:17:18:48 +0300] "GET /fuse/catalog/ontology/Dragons HTTP/1.1" 200 3282 "-" "Apache-HttpClient/4.5.2 (Java/1.8.0_121)"
127.0.0.1 - - [25/Jun/2017:17:18:49 +0300] "GET /fuse HTTP/1.1" 200 268 "-" "Apache-HttpClient/4.5.2 (Java/1.8.0_121)"
127.0.0.1 - - [25/Jun/2017:17:18:49 +0300] "POST /fuse/query HTTP/1.1" 500 745 "-" "Apache-HttpClient/4.5.2 (Java/1.8.0_121)"
127.0.0.1 - - [25/Jun/2017:17:19:12 +0300] "GET /fuse HTTP/1.1" 200 268 "-" "Apache-HttpClient/4.5.2 (Java/1.8.0_121)"
127.0.0.1 - - [25/Jun/2017:17:19:12 +0300] "GET /fuse/catalog/ontology/Dragons HTTP/1.1" 200 3282 "-" "Apache-HttpClient/4.5.2 (Java/1.8.0_121)"
127.0.0.1 - - [25/Jun/2017:17:19:12 +0300] "GET /fuse HTTP/1.1" 200 268 "-" "Apache-HttpClient/4.5.2 (Java/1.8.0_121)"
127.0.0.1 - - [25/Jun/2017:17:19:13 +0300] "POST /fuse/query HTTP/1.1" 201 220 "-" "Apache-HttpClient/4.5.2 (Java/1.8.0_121)"
127.0.0.1 - - [25/Jun/2017:17:19:15 +0300] "POST /fuse/query/1/cursor HTTP/1.1" 201 218 "-" "Apache-HttpClient/4.5.2 (Java/1.8.0_121)"
127.0.0.1 - - [25/Jun/2017:17:19:15 +0300] "POST /fuse/query/1/cursor/0/page HTTP/1.1" 201 285 "-" "Apache-HttpClient/4.5.2 (Java/1.8.0_121)"
127.0.0.1 - - [25/Jun/2017:17:19:16 +0300] "GET /fuse/query/1/cursor/0/page/0 HTTP/1.1" 200 286 "-" "Apache-HttpClient/4.5.2 (Java/1.8.0_121)"
127.0.0.1 - - [25/Jun/2017:17:19:16 +0300] "GET /fuse/query/1/cursor/0/page/0/data HTTP/1.1" 200 518 "-" "Apache-HttpClient/4.5.2 (Java/1.8.0_121)"
0:0:0:0:0:0:0:1 - - [25/Jun/2017:17:19:24 +0300] "GET /fuse/query/1/planVerbose HTTP/1.1" 200 3555 "-" "Mozilla/5.0 (Windows NT 6.1; Win64; x64) AppleWebKit/537.36 (KHTML, like Gecko) Chrome/58.0.3029.110 Safari/537.36"
0:0:0:0:0:0:0:1 - - [25/Jun/2017:17:19:24 +0300] "GET /favicon.ico HTTP/1.1" 404 0 "http://localhost:8888/fuse/query/1/planVerbose" "Mozilla/5.0 (Windows NT 6.1; Win64; x64) AppleWebKit/537.36 (KHTML, like Gecko) Chrome/58.0.3029.110 Safari/537.36"
0:0:0:0:0:0:0:1 - - [25/Jun/2017:17:19:34 +0300] "GET /fuse/query/1/planVerbose HTTP/1.1" 200 3555 "http://localhost/fuse/index5.html" "Mozilla/5.0 (Windows NT 6.1; Win64; x64) AppleWebKit/537.36 (KHTML, like Gecko) Chrome/58.0.3029.110 Safari/537.36"
0:0:0:0:0:0:0:1 - - [25/Jun/2017:17:20:11 +0300] "GET /fuse/query/1/planVerbose HTTP/1.1" 200 3555 "http://localhost/fuse/index5.html" "Mozilla/5.0 (Windows NT 6.1; Win64; x64) AppleWebKit/537.36 (KHTML, like Gecko) Chrome/58.0.3029.110 Safari/537.36"
0:0:0:0:0:0:0:1 - - [25/Jun/2017:17:20:12 +0300] "GET /fuse/query/1/planVerbose HTTP/1.1" 200 3555 "http://localhost/fuse/index5.html" "Mozilla/5.0 (Windows NT 6.1; Win64; x64) AppleWebKit/537.36 (KHTML, like Gecko) Chrome/58.0.3029.110 Safari/537.36"
0:0:0:0:0:0:0:1 - - [25/Jun/2017:17:20:24 +0300] "GET /fuse/query/1/planVerbose HTTP/1.1" 200 3555 "http://localhost/fuse/index5.html" "Mozilla/5.0 (Windows NT 6.1; Win64; x64) AppleWebKit/537.36 (KHTML, like Gecko) Chrome/58.0.3029.110 Safari/537.36"
0:0:0:0:0:0:0:1 - - [25/Jun/2017:17:21:35 +0300] "GET /fuse/query/1/planVerbose HTTP/1.1" 200 3555 "http://localhost/fuse/index5.html" "Mozilla/5.0 (Windows NT 6.1; Win64; x64) AppleWebKit/537.36 (KHTML, like Gecko) Chrome/58.0.3029.110 Safari/537.36"
0:0:0:0:0:0:0:1 - - [25/Jun/2017:17:22:43 +0300] "GET /fuse/query/1/planVerbose HTTP/1.1" 200 3555 "-" "Mozilla/5.0 (Windows NT 6.1; Win64; x64) AppleWebKit/537.36 (KHTML, like Gecko) Chrome/58.0.3029.110 Safari/537.36"
0:0:0:0:0:0:0:1 - - [25/Jun/2017:17:22:44 +0300] "GET /favicon.ico HTTP/1.1" 404 0 "http://localhost:8888/fuse/query/1/planVerbose" "Mozilla/5.0 (Windows NT 6.1; Win64; x64) AppleWebKit/537.36 (KHTML, like Gecko) Chrome/58.0.3029.110 Safari/537.36"
0:0:0:0:0:0:0:1 - - [25/Jun/2017:17:24:31 +0300] "GET /fuse/detailedPlan/Q2 HTTP/1.1" 200 3555 "-" "Mozilla/5.0 (Windows NT 6.1; Win64; x64) AppleWebKit/537.36 (KHTML, like Gecko) Chrome/58.0.3029.110 Safari/537.36"
127.0.0.1 - - [25/Jun/2017:17:27:45 +0300] "GET /fuse HTTP/1.1" 200 268 "-" "Apache-HttpClient/4.5.2 (Java/1.8.0_121)"
127.0.0.1 - - [25/Jun/2017:17:27:45 +0300] "GET /fuse/catalog/ontology/Dragons HTTP/1.1" 200 3282 "-" "Apache-HttpClient/4.5.2 (Java/1.8.0_121)"
127.0.0.1 - - [25/Jun/2017:17:27:45 +0300] "GET /fuse HTTP/1.1" 200 268 "-" "Apache-HttpClient/4.5.2 (Java/1.8.0_121)"
0:0:0:0:0:0:0:1 - - [25/Jun/2017:17:27:59 +0300] "GET /fuse/detailedPlan/Q2 HTTP/1.1" 200 3555 "-" "Mozilla/5.0 (Windows NT 6.1; Win64; x64) AppleWebKit/537.36 (KHTML, like Gecko) Chrome/58.0.3029.110 Safari/537.36"
0:0:0:0:0:0:0:1 - - [25/Jun/2017:17:28:15 +0300] "GET /fuse/detailedPlan/Q2 HTTP/1.1" 200 3555 "http://localhost/fuse/index5.html" "Mozilla/5.0 (Windows NT 6.1; Win64; x64) AppleWebKit/537.36 (KHTML, like Gecko) Chrome/58.0.3029.110 Safari/537.36"
127.0.0.1 - - [25/Jun/2017:17:27:46 +0300] "POST /fuse/query HTTP/1.1" 201 220 "-" "Apache-HttpClient/4.5.2 (Java/1.8.0_121)"
127.0.0.1 - - [25/Jun/2017:17:28:25 +0300] "POST /fuse/query/1/cursor HTTP/1.1" 201 218 "-" "Apache-HttpClient/4.5.2 (Java/1.8.0_121)"
127.0.0.1 - - [25/Jun/2017:17:28:25 +0300] "POST /fuse/query/1/cursor/0/page HTTP/1.1" 201 285 "-" "Apache-HttpClient/4.5.2 (Java/1.8.0_121)"
127.0.0.1 - - [25/Jun/2017:17:28:26 +0300] "GET /fuse/query/1/cursor/0/page/0 HTTP/1.1" 200 286 "-" "Apache-HttpClient/4.5.2 (Java/1.8.0_121)"
127.0.0.1 - - [25/Jun/2017:17:28:26 +0300] "GET /fuse/query/1/cursor/0/page/0/data HTTP/1.1" 200 3985 "-" "Apache-HttpClient/4.5.2 (Java/1.8.0_121)"
0:0:0:0:0:0:0:1 - - [25/Jun/2017:17:30:47 +0300] "GET /fuse/detailedPlan/Q1 HTTP/1.1" 200 775 "-" "Mozilla/5.0 (Windows NT 6.1; Win64; x64) AppleWebKit/537.36 (KHTML, like Gecko) Chrome/58.0.3029.110 Safari/537.36"
0:0:0:0:0:0:0:1 - - [25/Jun/2017:17:30:55 +0300] "GET /fuse/detailedPlan/Q1 HTTP/1.1" 200 775 "http://localhost/fuse/index5.html" "Mozilla/5.0 (Windows NT 6.1; Win64; x64) AppleWebKit/537.36 (KHTML, like Gecko) Chrome/58.0.3029.110 Safari/537.36"
0:0:0:0:0:0:0:1 - - [25/Jun/2017:17:31:08 +0300] "GET /fuse/detailedPlan/Q1 HTTP/1.1" 200 775 "http://localhost/fuse/index5.html" "Mozilla/5.0 (Windows NT 6.1; Win64; x64) AppleWebKit/537.36 (KHTML, like Gecko) Chrome/58.0.3029.110 Safari/537.36"
127.0.0.1 - - [25/Jun/2017:18:16:45 +0300] "GET /fuse HTTP/1.1" 200 268 "-" "Apache-HttpClient/4.5.2 (Java/1.8.0_121)"
127.0.0.1 - - [25/Jun/2017:18:16:46 +0300] "GET /fuse/catalog/ontology/Dragons HTTP/1.1" 200 3282 "-" "Apache-HttpClient/4.5.2 (Java/1.8.0_121)"
127.0.0.1 - - [25/Jun/2017:18:16:46 +0300] "GET /fuse HTTP/1.1" 200 268 "-" "Apache-HttpClient/4.5.2 (Java/1.8.0_121)"
0:0:0:0:0:0:0:1 - - [25/Jun/2017:18:16:58 +0300] "GET /fuse/query/1/planVerbose HTTP/1.1" 404 6 "-" "Mozilla/5.0 (Windows NT 6.1; Win64; x64) AppleWebKit/537.36 (KHTML, like Gecko) Chrome/58.0.3029.110 Safari/537.36"
0:0:0:0:0:0:0:1 - - [25/Jun/2017:18:16:59 +0300] "GET /favicon.ico HTTP/1.1" 404 0 "http://localhost:8888/fuse/query/1/planVerbose" "Mozilla/5.0 (Windows NT 6.1; Win64; x64) AppleWebKit/537.36 (KHTML, like Gecko) Chrome/58.0.3029.110 Safari/537.36"
0:0:0:0:0:0:0:1 - - [25/Jun/2017:18:17:00 +0300] "GET /fuse/query/1/planVerbose HTTP/1.1" 404 6 "-" "Mozilla/5.0 (Windows NT 6.1; Win64; x64) AppleWebKit/537.36 (KHTML, like Gecko) Chrome/58.0.3029.110 Safari/537.36"
0:0:0:0:0:0:0:1 - - [25/Jun/2017:18:17:02 +0300] "GET /fuse/query/1/planVerbose HTTP/1.1" 404 6 "-" "Mozilla/5.0 (Windows NT 6.1; Win64; x64) AppleWebKit/537.36 (KHTML, like Gecko) Chrome/58.0.3029.110 Safari/537.36"
0:0:0:0:0:0:0:1 - - [25/Jun/2017:18:17:04 +0300] "GET /fuse/query/1/planVerbose HTTP/1.1" 404 6 "-" "Mozilla/5.0 (Windows NT 6.1; Win64; x64) AppleWebKit/537.36 (KHTML, like Gecko) Chrome/58.0.3029.110 Safari/537.36"
0:0:0:0:0:0:0:1 - - [25/Jun/2017:18:17:09 +0300] "GET /fuse/query/1/planVerbose HTTP/1.1" 404 6 "-" "Mozilla/5.0 (Windows NT 6.1; Win64; x64) AppleWebKit/537.36 (KHTML, like Gecko) Chrome/58.0.3029.110 Safari/537.36"
0:0:0:0:0:0:0:1 - - [25/Jun/2017:18:17:11 +0300] "GET /fuse/query/1/planVerbose HTTP/1.1" 404 6 "-" "Mozilla/5.0 (Windows NT 6.1; Win64; x64) AppleWebKit/537.36 (KHTML, like Gecko) Chrome/58.0.3029.110 Safari/537.36"
0:0:0:0:0:0:0:1 - - [25/Jun/2017:18:17:13 +0300] "GET /fuse/query/1/planVerbose HTTP/1.1" 404 6 "-" "Mozilla/5.0 (Windows NT 6.1; Win64; x64) AppleWebKit/537.36 (KHTML, like Gecko) Chrome/58.0.3029.110 Safari/537.36"
0:0:0:0:0:0:0:1 - - [25/Jun/2017:18:17:18 +0300] "GET /fuse/catalog/ontology HTTP/1.1" 404 632 "-" "Mozilla/5.0 (Windows NT 6.1; Win64; x64) AppleWebKit/537.36 (KHTML, like Gecko) Chrome/58.0.3029.110 Safari/537.36"
0:0:0:0:0:0:0:1 - - [25/Jun/2017:18:17:38 +0300] "GET /fuse/query HTTP/1.1" 200 139 "-" "Mozilla/5.0 (Windows NT 6.1; Win64; x64) AppleWebKit/537.36 (KHTML, like Gecko) Chrome/58.0.3029.110 Safari/537.36"
0:0:0:0:0:0:0:1 - - [25/Jun/2017:18:17:42 +0300] "GET /fuse/query/1/planVerbose HTTP/1.1" 404 6 "-" "Mozilla/5.0 (Windows NT 6.1; Win64; x64) AppleWebKit/537.36 (KHTML, like Gecko) Chrome/58.0.3029.110 Safari/537.36"
0:0:0:0:0:0:0:1 - - [25/Jun/2017:18:17:44 +0300] "GET /fuse/query/1/planVerbose HTTP/1.1" 404 6 "-" "Mozilla/5.0 (Windows NT 6.1; Win64; x64) AppleWebKit/537.36 (KHTML, like Gecko) Chrome/58.0.3029.110 Safari/537.36"
127.0.0.1 - - [25/Jun/2017:18:20:19 +0300] "GET /fuse HTTP/1.1" 200 268 "-" "Apache-HttpClient/4.5.2 (Java/1.8.0_121)"
127.0.0.1 - - [25/Jun/2017:18:20:19 +0300] "GET /fuse/catalog/ontology/Dragons HTTP/1.1" 200 3282 "-" "Apache-HttpClient/4.5.2 (Java/1.8.0_121)"
127.0.0.1 - - [25/Jun/2017:18:20:19 +0300] "GET /fuse HTTP/1.1" 200 268 "-" "Apache-HttpClient/4.5.2 (Java/1.8.0_121)"
0:0:0:0:0:0:0:1 - - [25/Jun/2017:18:20:28 +0300] "GET /fuse/query/1/planVerbose HTTP/1.1" 404 6 "-" "Mozilla/5.0 (Windows NT 6.1; Win64; x64) AppleWebKit/537.36 (KHTML, like Gecko) Chrome/58.0.3029.110 Safari/537.36"
0:0:0:0:0:0:0:1 - - [25/Jun/2017:18:20:30 +0300] "GET /fuse/query/1/planVerbose HTTP/1.1" 404 6 "-" "Mozilla/5.0 (Windows NT 6.1; Win64; x64) AppleWebKit/537.36 (KHTML, like Gecko) Chrome/58.0.3029.110 Safari/537.36"
0:0:0:0:0:0:0:1 - - [25/Jun/2017:18:20:32 +0300] "GET /fuse/query/1/planVerbose HTTP/1.1" 404 6 "-" "Mozilla/5.0 (Windows NT 6.1; Win64; x64) AppleWebKit/537.36 (KHTML, like Gecko) Chrome/58.0.3029.110 Safari/537.36"
0:0:0:0:0:0:0:1 - - [25/Jun/2017:18:20:44 +0300] "GET /fuse/query/1 HTTP/1.1" 404 57 "-" "Mozilla/5.0 (Windows NT 6.1; Win64; x64) AppleWebKit/537.36 (KHTML, like Gecko) Chrome/58.0.3029.110 Safari/537.36"
0:0:0:0:0:0:0:1 - - [25/Jun/2017:18:20:53 +0300] "GET /fuse/query/1/planVerbose HTTP/1.1" 404 6 "-" "Mozilla/5.0 (Windows NT 6.1; Win64; x64) AppleWebKit/537.36 (KHTML, like Gecko) Chrome/58.0.3029.110 Safari/537.36"
